// Jest Snapshot v1, https://goo.gl/fbAQLP

exports[`Renders <Icon /> correctly snapshot testing 1`] = `
<View
  collapsable={true}
  pointerEvents="box-none"
  style={
    Object {
      "flex": 1,
    }
  }
>
  <RNSVGSvgView
    accessibilityElementsHidden={true}
    align="xMidYMid"
    bbHeight={20}
    bbWidth={20}
    fill="rgba(22, 47, 86, 0.38)"
    focusable={false}
    height={20}
    meetOrSlice={0}
    minX={0}
    minY={0}
    style={
      Array [
        Object {
          "backgroundColor": "transparent",
          "borderWidth": 0,
        },
        Object {
          "flex": 0,
          "height": 20,
          "width": 20,
        },
      ]
    }
    testID="ds-icon"
    vbHeight={24}
    vbWidth={24}
    width={20}
  >
    <RNSVGGroup
      fill={1628843862}
      propList={
        Array [
          "fill",
        ]
      }
    >
      <RNSVGPath
        clipRule={0}
        d="M0 6a3 3 0 013-3h18a3 3 0 013 3v12a3 3 0 01-3 3H3a3 3 0 01-3-3V6zm2 0a1 1 0 011-1h18a1 1 0 011 1v3H2V6zm20 5v7a1 1 0 01-1 1H3a1 1 0 01-1-1v-7h20z"
        fillRule={0}
        propList={
          Array [
            "fillRule",
          ]
        }
      />
    </RNSVGGroup>
  </RNSVGSvgView>
</View>
`;
